
> grow-fund@0.1.0 build
> next build

node.exe : ظأب Warning: Next.js 
inferred your workspace root, but it 
may not be correct.
At line:1 char:1
+ & "C:\Program Files\nodejs/node.exe" 
"C:\Program Files\nodejs/node_mo ...
+ ~~~~~~~~~~~~~~~~~~~~~~~~~~~~~~~~~~~~~~
~~~~~~~~~~~~~~~~~~~~~~~~~~~~~~~
    + CategoryInfo          : 
NotSpecified    : (ظأب Warning: 
Ne...not be correct.:S    tring) [], 
RemoteException
    + FullyQualifiedErrorId : 
NativeComman    dError
 
 We detected multiple lockfiles and 
selected the directory of 
D:\pnpm-lock.yaml as the root directory.
 To silence this warning, set 
`turbopack.root` in your Next.js 
config, or consider removing one of the 
lockfiles if it's not needed.
   See https://nextjs.org/docs/app/api-r
eference/config/next-config-js/turbopack
#root-directory for more information.
 Detected additional lockfiles: 
   * D:\grow-fund\package-lock.json

ظû▓ Next.js 16.1.1 (Turbopack)

  Creating an optimized production build ...
ظ£ô Compiled successfully in 42s
  Running TypeScript ...
Failed to compile.

./src/components/pages/notifications/ind
ex.tsx:104:22
Type error: Type '{ id: number; title: 
string; description: string; time: 
string; Icon: ForwardRefExoticComponent<
Omit<LucideProps, "ref"> & 
RefAttributes<SVGSVGElement>>; key: 
number; }' is missing the following 
properties from type 
'NotificationItemProps': isEnabled, 
onToggle

[0m [90m 102 |[39m                 
[33m<[39m[33mul[39m className[33m=
[39m[32m"space-y-2"[39m[33m>[39m
 [90m 103 |[39m                   {sec
tion[33m.[39mnotifications[33m.[39mm
ap((item) [33m=>[39m (
[31m[1m>[22m[39m[90m 104 |[39m    
                 
[33m<[39m[33mNotificationItem[39m 
key[33m=[39m{item[33m.[39mid} 
{[33m...[39mitem} 
[33m/[39m[33m>[39m
 [90m     |[39m                      
[31m[1m^[22m[39m
 [90m 105 |[39m                   ))}
 [90m 106 |[39m                 [33m<
[39m[33m/[39m[33mul[39m[33m>[39m
 [90m 107 |[39m               [33m<[
39m[33m/[39m[33mdiv[39m[33m>[39m[
0m
Next.js build worker exited with code: 
1 and signal: null
